>>> Starting Agent Boot Sequence...
[1/6] Checking User Account               [OK]
   ... Running as service user 'agentuser' (uid=1001)
[2/6] Verifying Environment Variables     [OK]
   ... All required Envs correct
[3/6] Checking Required Files             [OK]
   ... Verified 'secret.key' with correct key string.
[4/6] Checking Port Availability          [OK]
   ... Port 15034 is available.
[5/6] Verifying Log Permission            [OK]
   ... Log directory is writable: /workspace/runtime/logs
[6/6] Verifying Mission Environment       [OK]
   ... MEMORY_LIMIT=256MB, CPU_MAX_OCCUPY=50%, MULTI_THREAD_ENABLE=True
------------------------------------------------------------
All Boot Checks Passed!
Agent READY
2026-09-10 16:43:51,249 [INFO] [SafetyGuard] Process priority lowered (nice=10).
2026-09-10 16:43:51,249 [INFO] Agent listening at port 15034

==================================================
 [ Agent Initiate ] Resource Check 
==================================================
 [ MEMORY ] Limit: 256MB 		[ WARNING: Recommend Over 256MB ]
 [ CPU    ] Limit: 50%  		[ OK ]
 [ THREAD ] Concurrency: True 		[ WARNING ]
--------------------------------------------------
 >>> SYSTEM WARNING: POTENTIAL DEADLOCK IN CONCURRENT MODE.
==================================================

2026-09-10 16:43:53,300 [INFO] [MemoryWorker] Current Heap: 25MB
2026-09-10 16:43:56,353 [INFO] [MemoryWorker] Current Heap: 50MB
2026-09-10 16:43:59,404 [INFO] [MemoryWorker] Current Heap: 75MB
2026-09-10 16:44:02,450 [INFO] [MemoryWorker] Current Heap: 100MB
2026-09-10 16:44:05,504 [INFO] [MemoryWorker] Current Heap: 125MB
2026-09-10 16:44:08,555 [INFO] [MemoryWorker] Current Heap: 150MB
2026-09-10 16:44:11,605 [INFO] [MemoryWorker] Current Heap: 175MB
2026-09-10 16:44:14,662 [INFO] [MemoryWorker] Current Heap: 200MB
2026-09-10 16:44:17,715 [INFO] [MemoryWorker] Current Heap: 225MB
2026-09-10 16:44:20,769 [INFO] [MemoryWorker] Current Heap: 250MB
2026-09-10 16:44:23,823 [INFO] [MemoryWorker] Current Heap: 275MB
2026-09-10 16:44:23,823 [CRITICAL] [MemoryGuard] Memory limit exceeded (275MB >= 256MB) / (Recommend Over 256MB)
2026-09-10 16:44:23,823 [CRITICAL] [MemoryGuard] Self-terminating process 8117 to prevent system instability.
