[INFO] Monitoring started: interval=1s
[INFO] Press Ctrl+C to stop.
====== SYSTEM MONITOR RESULT ======

[HEALTH CHECK]
[ERROR] Port 15034 is not listening
====== SYSTEM MONITOR RESULT ======

[HEALTH CHECK]
Checking process 'agent-leak-app-x86'... [OK] (PID: 7677)
Checking port 15034... [OK]

[RESOURCE MONITORING]
Process state : SN
Elapsed time  : 00:00
Thread count  : 1
Process CPU   : 5.3%
Process MEM   : 0.1%
Process RSS   : 18248 KB

System CPU    : 0.0%
System MEM    : 3.7%
DISK Used     : 1%

Firewall      : active


[INFO] Log appended: /workspace/runtime/logs/monitor.log
====== SYSTEM MONITOR RESULT ======

[HEALTH CHECK]
Checking process 'agent-leak-app-x86'... [OK] (PID: 7677)
Checking port 15034... [OK]

[RESOURCE MONITORING]
Process state : SN
Elapsed time  : 00:02
Thread count  : 1
Process CPU   : 3.6%
Process MEM   : 0.2%
Process RSS   : 43852 KB

System CPU    : 0.0%
System MEM    : 3.9%
DISK Used     : 1%

Firewall      : active


[INFO] Log appended: /workspace/runtime/logs/monitor.log
====== SYSTEM MONITOR RESULT ======

[HEALTH CHECK]
Checking process 'agent-leak-app-x86'... [OK] (PID: 7677)
Checking port 15034... [OK]

[RESOURCE MONITORING]
Process state : SN
Elapsed time  : 00:03
Thread count  : 1
Process CPU   : 2.3%
Process MEM   : 0.2%
Process RSS   : 43852 KB

System CPU    : 0.0%
System MEM    : 3.9%
DISK Used     : 1%

Firewall      : active


[INFO] Log appended: /workspace/runtime/logs/monitor.log
====== SYSTEM MONITOR RESULT ======

[HEALTH CHECK]
Checking process 'agent-leak-app-x86'... [OK] (PID: 7677)
Checking port 15034... [OK]

[RESOURCE MONITORING]
Process state : SN
Elapsed time  : 00:04
Thread count  : 1
Process CPU   : 1.6%
Process MEM   : 0.2%
Process RSS   : 43852 KB

System CPU    : 0.0%
System MEM    : 3.9%
DISK Used     : 1%

Firewall      : active


[INFO] Log appended: /workspace/runtime/logs/monitor.log
====== SYSTEM MONITOR RESULT ======

[HEALTH CHECK]
Checking process 'agent-leak-app-x86'... [OK] (PID: 7677)
Checking port 15034... [OK]

[RESOURCE MONITORING]
Process state : SN
Elapsed time  : 00:05
Thread count  : 1
Process CPU   : 2.1%
Process MEM   : 0.4%
Process RSS   : 69456 KB

System CPU    : 1.6%
System MEM    : 4.1%
DISK Used     : 1%

Firewall      : active


[INFO] Log appended: /workspace/runtime/logs/monitor.log
====== SYSTEM MONITOR RESULT ======

[HEALTH CHECK]
Checking process 'agent-leak-app-x86'... [OK] (PID: 7677)
Checking port 15034... [OK]

[RESOURCE MONITORING]
Process state : SN
Elapsed time  : 00:07
Thread count  : 1
Process CPU   : 1.7%
Process MEM   : 0.4%
Process RSS   : 69456 KB

System CPU    : 0.0%
System MEM    : 4.1%
DISK Used     : 1%

Firewall      : active


[INFO] Log appended: /workspace/runtime/logs/monitor.log
====== SYSTEM MONITOR RESULT ======

[HEALTH CHECK]
Checking process 'agent-leak-app-x86'... [OK] (PID: 7677)
Checking port 15034... [OK]

[RESOURCE MONITORING]
Process state : SN
Elapsed time  : 00:08
Thread count  : 1
Process CPU   : 1.8%
Process MEM   : 0.5%
Process RSS   : 95060 KB

System CPU    : 0.0%
System MEM    : 4.3%
DISK Used     : 1%

Firewall      : active


[INFO] Log appended: /workspace/runtime/logs/monitor.log
====== SYSTEM MONITOR RESULT ======

[HEALTH CHECK]
Checking process 'agent-leak-app-x86'... [OK] (PID: 7677)
Checking port 15034... [OK]

[RESOURCE MONITORING]
Process state : SN
Elapsed time  : 00:09
Thread count  : 1
Process CPU   : 1.6%
Process MEM   : 0.5%
Process RSS   : 95060 KB

System CPU    : 0.0%
System MEM    : 4.0%
DISK Used     : 1%

Firewall      : active


[INFO] Log appended: /workspace/runtime/logs/monitor.log
====== SYSTEM MONITOR RESULT ======

[HEALTH CHECK]
Checking process 'agent-leak-app-x86'... [OK] (PID: 7677)
Checking port 15034... [OK]

[RESOURCE MONITORING]
Process state : SN
Elapsed time  : 00:10
Thread count  : 1
Process CPU   : 1.4%
Process MEM   : 0.5%
Process RSS   : 95060 KB

System CPU    : 0.0%
System MEM    : 4.0%
DISK Used     : 1%

Firewall      : active


[INFO] Log appended: /workspace/runtime/logs/monitor.log
====== SYSTEM MONITOR RESULT ======

[HEALTH CHECK]
[ERROR] Process 'agent-leak-app-x86' not running
====== SYSTEM MONITOR RESULT ======

[HEALTH CHECK]
[ERROR] Process 'agent-leak-app-x86' not running

[INFO] Monitoring stopped.
